// Jest Snapshot v1, https://goo.gl/fbAQLP

exports[`Notion2MdProvider toMd method should convert blocks to markdown correctly 1`] = `
{
  "parent": "
hello _world_


## heading2

- [x] todo
",
}
`;
